> Task :app:clean
> Task :app:preBuild UP-TO-DATE
> Task :app:preDebugBuild UP-TO-DATE
> Task :app:mergeDebugNativeDebugMetadata NO-SOURCE
> Task :app:checkKotlinGradlePluginConfigurationErrors
> Task :app:generateDebugBuildConfig
> Task :app:generateDebugResValues
> Task :app:mapDebugSourceSetPaths
> Task :app:generateDebugResources
> Task :app:checkDebugAarMetadata
> Task :app:packageDebugResources
> Task :app:createDebugCompatibleScreenManifests
> Task :app:extractDeepLinksDebug
> Task :app:parseDebugLocalResources
> Task :app:mergeDebugResources
> Task :app:processDebugMainManifest
> Task :app:processDebugManifest
> Task :app:javaPreCompileDebug
> Task :app:mergeDebugShaders
> Task :app:compileDebugShaders NO-SOURCE
> Task :app:generateDebugAssets UP-TO-DATE
> Task :app:mergeDebugAssets
> Task :app:compressDebugAssets
> Task :app:desugarDebugFileDependencies
> Task :app:mergeDebugJniLibFolders
> Task :app:mergeDebugNativeLibs NO-SOURCE
> Task :app:stripDebugDebugSymbols NO-SOURCE
> Task :app:validateSigningDebug
> Task :app:writeDebugAppMetadata
> Task :app:checkDebugDuplicateClasses
> Task :app:writeDebugSigningConfigVersions
> Task :app:mergeLibDexDebug
> Task :app:buildKotlinToolingMetadata
> Task :app:preReleaseBuild UP-TO-DATE
> Task :app:generateReleaseBuildConfig
> Task :app:generateReleaseResValues
> Task :app:mapReleaseSourceSetPaths
> Task :app:generateReleaseResources
> Task :app:checkReleaseAarMetadata
> Task :app:packageReleaseResources
> Task :app:createReleaseCompatibleScreenManifests
> Task :app:extractDeepLinksRelease
> Task :app:parseReleaseLocalResources
> Task :app:processReleaseMainManifest
> Task :app:processReleaseManifest
> Task :app:javaPreCompileRelease
> Task :app:extractProguardFiles
> Task :app:mergeReleaseJniLibFolders
> Task :app:mergeReleaseNativeLibs NO-SOURCE
> Task :app:stripReleaseDebugSymbols NO-SOURCE
> Task :app:extractReleaseNativeSymbolTables NO-SOURCE
> Task :app:mergeReleaseNativeDebugMetadata NO-SOURCE
> Task :app:desugarReleaseFileDependencies
> Task :app:mergeReleaseShaders
> Task :app:compileReleaseShaders NO-SOURCE
> Task :app:generateReleaseAssets UP-TO-DATE
> Task :app:mergeReleaseAssets
> Task :app:compressReleaseAssets
> Task :app:checkReleaseDuplicateClasses
> Task :app:mergeReleaseArtProfile
> Task :app:mergeReleaseResources
> Task :app:collectReleaseDependencies
> Task :app:sdkReleaseDependencyData
> Task :app:writeReleaseAppMetadata
> Task :app:writeReleaseSigningConfigVersions
> Task :app:preDebugAndroidTestBuild SKIPPED
> Task :app:generateDebugAndroidTestResValues
> Task :app:preDebugUnitTestBuild UP-TO-DATE
> Task :app:preReleaseUnitTestBuild UP-TO-DATE
> Task :app:javaPreCompileDebugUnitTest
> Task :app:javaPreCompileReleaseUnitTest
> Task :app:processReleaseManifestForPackage
> Task :app:processDebugManifestForPackage
> Task :app:processDebugResources
> Task :app:processReleaseResources
> Task :app:optimizeReleaseResources
> Task :app:mergeExtDexRelease
> Task :app:mergeExtDexDebug
> Task :app:kspReleaseKotlin
> Task :app:kspDebugKotlin
> Task :app:compileReleaseKotlin
> Task :app:compileDebugKotlin
./gradlew.bat : e: file:///C:/Users/astrid/AndroidStudioProjects/MyApp/app/src/
main/java/com/example/myapp/ui/metafit/MetaFitPlanDetalleScreen.kt:287:15 
Overload resolution ambiguity: 
En línea: 1 Carácter: 1
+ ./gradlew.bat clean build 2>&1 | tee build_output.log
+ ~~~~~~~~~~~~~~~~~~~~~~~~~~~~~~
    + CategoryInfo          : NotSpecified: (e: file:///C:/U...ion ambiguity:  
   :String) [], RemoteException
    + FullyQualifiedErrorId : NativeCommandError
 
private fun inicioDelDia(fechaMs: Long): Long defined in 
com.example.myapp.ui.metafit in file MetaFitPlanDetalleScreen.kt
public fun inicioDelDia(fechaMs: Long): Long defined in 
com.example.myapp.ui.metafit in file MetaFitPlanSeguimientoModels.kt
e: file:///C:/Users/astrid/AndroidStudioProjects/MyApp/app/src/main/java/com/ex
ample/myapp/ui/metafit/MetaFitPlanDetalleScreen.kt:289:18 Overload resolution 
ambiguity: 
private fun inicioDelDia(fechaMs: Long): Long defined in 
com.example.myapp.ui.metafit in file MetaFitPlanDetalleScreen.kt
public fun inicioDelDia(fechaMs: Long): Long defined in 
com.example.myapp.ui.metafit in file MetaFitPlanSeguimientoModels.kt
e: file:///C:/Users/astrid/AndroidStudioProjects/MyApp/app/src/main/java/com/ex
ample/myapp/ui/metafit/MetaFitPlanDetalleScreen.kt:296:1 Conflicting 
overloads: public fun inicioDelDia(fechaMs: Long): Long defined in 
com.example.myapp.ui.metafit in file MetaFitPlanSeguimientoModels.kt, private 
fun inicioDelDia(fechaMs: Long): Long defined in com.example.myapp.ui.metafit 
in file MetaFitPlanDetalleScreen.kt
e: file:///C:/Users/astrid/AndroidStudioProjects/MyApp/app/src/main/java/com/ex
ample/myapp/ui/metafit/MetaFitPlanSeguimientoModels.kt:162:1 Conflicting 
overloads: public fun inicioDelDia(fechaMs: Long): Long defined in 
com.example.myapp.ui.metafit in file MetaFitPlanSeguimientoModels.kt, private 
fun inicioDelDia(fechaMs: Long): Long defined in com.example.myapp.ui.metafit 
in file MetaFitPlanDetalleScreen.kt

> Task :app:compileDebugKotlin FAILED

> Task :app:compileReleaseKotlin FAILED
e: file:///C:/Users/astrid/AndroidStudioProjects/MyApp/app/src/main/java/com/ex
ample/myapp/ui/metafit/MetaFitPlanDetalleScreen.kt:287:15 Overload resolution 
ambiguity: 
private fun inicioDelDia(fechaMs: Long): Long defined in 
com.example.myapp.ui.metafit in file MetaFitPlanDetalleScreen.kt
public fun inicioDelDia(fechaMs: Long): Long defined in 
com.example.myapp.ui.metafit in file MetaFitPlanSeguimientoModels.kt
e: file:///C:/Users/astrid/AndroidStudioProjects/MyApp/app/src/main/java/com/ex
ample/myapp/ui/metafit/MetaFitPlanDetalleScreen.kt:289:18 Overload resolution 
ambiguity: 
private fun inicioDelDia(fechaMs: Long): Long defined in 
com.example.myapp.ui.metafit in file MetaFitPlanDetalleScreen.kt
public fun inicioDelDia(fechaMs: Long): Long defined in 
com.example.myapp.ui.metafit in file MetaFitPlanSeguimientoModels.kt
e: file:///C:/Users/astrid/AndroidStudioProjects/MyApp/app/src/main/java/com/ex
ample/myapp/ui/metafit/MetaFitPlanDetalleScreen.kt:296:1 Conflicting 
overloads: public fun inicioDelDia(fechaMs: Long): Long defined in 
com.example.myapp.ui.metafit in file MetaFitPlanSeguimientoModels.kt, private 
fun inicioDelDia(fechaMs: Long): Long defined in com.example.myapp.ui.metafit 
in file MetaFitPlanDetalleScreen.kt
e: file:///C:/Users/astrid/AndroidStudioProjects/MyApp/app/src/main/java/com/ex
ample/myapp/ui/metafit/MetaFitPlanSeguimientoModels.kt:162:1 Conflicting 
overloads: public fun inicioDelDia(fechaMs: Long): Long defined in 
com.example.myapp.ui.metafit in file MetaFitPlanSeguimientoModels.kt, private 
fun inicioDelDia(fechaMs: Long): Long defined in com.example.myapp.ui.metafit 
in file MetaFitPlanDetalleScreen.kt

FAILURE: Build completed with 2 failures.

1: Task failed with an exception.
-----------
* What went wrong:
Execution failed for task ':app:compileDebugKotlin'.
> A failure occurred while executing org.jetbrains.kotlin.compilerRunner.Gradle
CompilerRunnerWithWorkers$GradleKotlinCompilerWorkAction
   > Compilation error. See log for more details

* Try:
> Run with --stacktrace option to get the stack trace.
> Run with --info or --debug option to get more log output.
> Run with --scan to get full insights.
> Get more help at https://help.gradle.org.
==============================================================================

2: Task failed with an exception.
-----------
* What went wrong:
Execution failed for task ':app:compileReleaseKotlin'.
> A failure occurred while executing org.jetbrains.kotlin.compilerRunner.Gradle
CompilerRunnerWithWorkers$GradleKotlinCompilerWorkAction
   > Compilation error. See log for more details

* Try:
> Run with --stacktrace option to get the stack trace.
> Run with --info or --debug option to get more log output.
> Run with --scan to get full insights.
> Get more help at https://help.gradle.org.
==============================================================================

BUILD FAILED in 1m 17s
63 actionable tasks: 63 executed
